
> careerlaunch@0.1.0 build
> next build

  ▲ Next.js 14.2.15
  - Environments: .env.local

   Creating an optimized production build ...
 ✓ Compiled successfully
   Linting and checking validity of types ...
   Collecting page data ...
   Generating static pages (0/7) ...
I [FirebaseError]: Firebase: Error (auth/invalid-api-key).
    at g (C:\Users\USER\Documents\CareerLaunch\.next\server\chunks\328.js:17:29819)
    at m (C:\Users\USER\Documents\CareerLaunch\.next\server\chunks\328.js:17:29867)
    at o.instanceFactory (C:\Users\USER\Documents\CareerLaunch\.next\server\chunks\328.js:17:83378)
    at i.getOrInitializeService (C:\Users\USER\Documents\CareerLaunch\.next\server\chunks\328.js:3:35977)
    at i.initialize (C:\Users\USER\Documents\CareerLaunch\.next\server\chunks\328.js:3:35385)
    at C:\Users\USER\Documents\CareerLaunch\.next\server\chunks\328.js:17:81422
    at e6 (C:\Users\USER\Documents\CareerLaunch\.next\server\chunks\328.js:17:81451)
    at 613 (C:\Users\USER\Documents\CareerLaunch\.next\server\app\_not-found\page.js:1:7904)
    at t (C:\Users\USER\Documents\CareerLaunch\.next\server\webpack-runtime.js:1:143)
    at 9940 (C:\Users\USER\Documents\CareerLaunch\.next\server\app\_not-found\page.js:1:7134) {
  code: 'auth/invalid-api-key',
  customData: { appName: '[DEFAULT]' },
  digest: '3180815230'
}
I [FirebaseError]: Firebase: Error (auth/invalid-api-key).
    at g (C:\Users\USER\Documents\CareerLaunch\.next\server\chunks\328.js:17:29819)
    at m (C:\Users\USER\Documents\CareerLaunch\.next\server\chunks\328.js:17:29867)
    at o.instanceFactory (C:\Users\USER\Documents\CareerLaunch\.next\server\chunks\328.js:17:83378)
    at i.getOrInitializeService (C:\Users\USER\Documents\CareerLaunch\.next\server\chunks\328.js:3:35977)
    at i.initialize (C:\Users\USER\Documents\CareerLaunch\.next\server\chunks\328.js:3:35385)
    at C:\Users\USER\Documents\CareerLaunch\.next\server\chunks\328.js:17:81422
    at e6 (C:\Users\USER\Documents\CareerLaunch\.next\server\chunks\328.js:17:81451)
    at 613 (C:\Users\USER\Documents\CareerLaunch\.next\server\app\(auth)\sign-up\page.js:1:12935)
    at t (C:\Users\USER\Documents\CareerLaunch\.next\server\webpack-runtime.js:1:143)
    at 8441 (C:\Users\USER\Documents\CareerLaunch\.next\server\app\(auth)\sign-up\page.js:1:2558) {
  code: 'auth/invalid-api-key',
  customData: { appName: '[DEFAULT]' },
  digest: '3929964430'
}
I [FirebaseError]: Firebase: Error (auth/invalid-api-key).
    at g (C:\Users\USER\Documents\CareerLaunch\.next\server\chunks\328.js:17:29819)
    at m (C:\Users\USER\Documents\CareerLaunch\.next\server\chunks\328.js:17:29867)
    at o.instanceFactory (C:\Users\USER\Documents\CareerLaunch\.next\server\chunks\328.js:17:83378)
    at i.getOrInitializeService (C:\Users\USER\Documents\CareerLaunch\.next\server\chunks\328.js:3:35977)
    at i.initialize (C:\Users\USER\Documents\CareerLaunch\.next\server\chunks\328.js:3:35385)
    at C:\Users\USER\Documents\CareerLaunch\.next\server\chunks\328.js:17:81422
    at e6 (C:\Users\USER\Documents\CareerLaunch\.next\server\chunks\328.js:17:81451)
    at 613 (C:\Users\USER\Documents\CareerLaunch\.next\server\chunks\727.js:1:9612)
    at t (C:\Users\USER\Documents\CareerLaunch\.next\server\webpack-runtime.js:1:143)
    at 9940 (C:\Users\USER\Documents\CareerLaunch\.next\server\chunks\727.js:1:8842) {
  code: 'auth/invalid-api-key',
  customData: { appName: '[DEFAULT]' },
  digest: '3342600319'
}

Error occurred prerendering page "/_not-found". Read more: https://nextjs.org/docs/messages/prerender-error

FirebaseError: Firebase: Error (auth/invalid-api-key).
    at g (C:\Users\USER\Documents\CareerLaunch\.next\server\chunks\328.js:17:29819)
    at m (C:\Users\USER\Documents\CareerLaunch\.next\server\chunks\328.js:17:29867)
    at o.instanceFactory (C:\Users\USER\Documents\CareerLaunch\.next\server\chunks\328.js:17:83378)
    at i.getOrInitializeService (C:\Users\USER\Documents\CareerLaunch\.next\server\chunks\328.js:3:35977)
    at i.initialize (C:\Users\USER\Documents\CareerLaunch\.next\server\chunks\328.js:3:35385)
    at C:\Users\USER\Documents\CareerLaunch\.next\server\chunks\328.js:17:81422
    at e6 (C:\Users\USER\Documents\CareerLaunch\.next\server\chunks\328.js:17:81451)
    at 613 (C:\Users\USER\Documents\CareerLaunch\.next\server\app\_not-found\page.js:1:7904)
    at t (C:\Users\USER\Documents\CareerLaunch\.next\server\webpack-runtime.js:1:143)
    at 9940 (C:\Users\USER\Documents\CareerLaunch\.next\server\app\_not-found\page.js:1:7134)
   Generating static pages (1/7) 

Error occurred prerendering page "/sign-up". Read more: https://nextjs.org/docs/messages/prerender-error

FirebaseError: Firebase: Error (auth/invalid-api-key).
    at g (C:\Users\USER\Documents\CareerLaunch\.next\server\chunks\328.js:17:29819)
    at m (C:\Users\USER\Documents\CareerLaunch\.next\server\chunks\328.js:17:29867)
    at o.instanceFactory (C:\Users\USER\Documents\CareerLaunch\.next\server\chunks\328.js:17:83378)
    at i.getOrInitializeService (C:\Users\USER\Documents\CareerLaunch\.next\server\chunks\328.js:3:35977)
    at i.initialize (C:\Users\USER\Documents\CareerLaunch\.next\server\chunks\328.js:3:35385)
    at C:\Users\USER\Documents\CareerLaunch\.next\server\chunks\328.js:17:81422
    at e6 (C:\Users\USER\Documents\CareerLaunch\.next\server\chunks\328.js:17:81451)
    at 613 (C:\Users\USER\Documents\CareerLaunch\.next\server\app\(auth)\sign-up\page.js:1:12935)
    at t (C:\Users\USER\Documents\CareerLaunch\.next\server\webpack-runtime.js:1:143)
    at 8441 (C:\Users\USER\Documents\CareerLaunch\.next\server\app\(auth)\sign-up\page.js:1:2558)
   Generating static pages (3/7) 

Error occurred prerendering page "/". Read more: https://nextjs.org/docs/messages/prerender-error

FirebaseError: Firebase: Error (auth/invalid-api-key).
    at g (C:\Users\USER\Documents\CareerLaunch\.next\server\chunks\328.js:17:29819)
    at m (C:\Users\USER\Documents\CareerLaunch\.next\server\chunks\328.js:17:29867)
    at o.instanceFactory (C:\Users\USER\Documents\CareerLaunch\.next\server\chunks\328.js:17:83378)
    at i.getOrInitializeService (C:\Users\USER\Documents\CareerLaunch\.next\server\chunks\328.js:3:35977)
    at i.initialize (C:\Users\USER\Documents\CareerLaunch\.next\server\chunks\328.js:3:35385)
    at C:\Users\USER\Documents\CareerLaunch\.next\server\chunks\328.js:17:81422
    at e6 (C:\Users\USER\Documents\CareerLaunch\.next\server\chunks\328.js:17:81451)
    at 613 (C:\Users\USER\Documents\CareerLaunch\.next\server\chunks\727.js:1:9612)
    at t (C:\Users\USER\Documents\CareerLaunch\.next\server\webpack-runtime.js:1:143)
    at 9940 (C:\Users\USER\Documents\CareerLaunch\.next\server\chunks\727.js:1:8842)
I [FirebaseError]: Firebase: Error (auth/invalid-api-key).
    at g (C:\Users\USER\Documents\CareerLaunch\.next\server\chunks\328.js:17:29819)
    at m (C:\Users\USER\Documents\CareerLaunch\.next\server\chunks\328.js:17:29867)
    at o.instanceFactory (C:\Users\USER\Documents\CareerLaunch\.next\server\chunks\328.js:17:83378)
    at i.getOrInitializeService (C:\Users\USER\Documents\CareerLaunch\.next\server\chunks\328.js:3:35977)
    at i.initialize (C:\Users\USER\Documents\CareerLaunch\.next\server\chunks\328.js:3:35385)
    at C:\Users\USER\Documents\CareerLaunch\.next\server\chunks\328.js:17:81422
    at e6 (C:\Users\USER\Documents\CareerLaunch\.next\server\chunks\328.js:17:81451)
    at 613 (C:\Users\USER\Documents\CareerLaunch\.next\server\app\(auth)\sign-up\page.js:1:12935)
    at t (C:\Users\USER\Documents\CareerLaunch\.next\server\webpack-runtime.js:1:143)
    at 8324 (C:\Users\USER\Documents\CareerLaunch\.next\server\app\(auth)\sign-in\page.js:1:2555) {
  code: 'auth/invalid-api-key',
  customData: { appName: '[DEFAULT]' },
  digest: '1496614853'
}
I [FirebaseError]: Firebase: Error (auth/invalid-api-key).
    at g (C:\Users\USER\Documents\CareerLaunch\.next\server\chunks\328.js:17:29819)
    at m (C:\Users\USER\Documents\CareerLaunch\.next\server\chunks\328.js:17:29867)
    at o.instanceFactory (C:\Users\USER\Documents\CareerLaunch\.next\server\chunks\328.js:17:83378)
    at i.getOrInitializeService (C:\Users\USER\Documents\CareerLaunch\.next\server\chunks\328.js:3:35977)
    at i.initialize (C:\Users\USER\Documents\CareerLaunch\.next\server\chunks\328.js:3:35385)
    at C:\Users\USER\Documents\CareerLaunch\.next\server\chunks\328.js:17:81422
    at e6 (C:\Users\USER\Documents\CareerLaunch\.next\server\chunks\328.js:17:81451)
    at 613 (C:\Users\USER\Documents\CareerLaunch\.next\server\app\_not-found\page.js:1:7904)
    at t (C:\Users\USER\Documents\CareerLaunch\.next\server\webpack-runtime.js:1:143)
    at 9940 (C:\Users\USER\Documents\CareerLaunch\.next\server\app\_not-found\page.js:1:7134) {
  code: 'auth/invalid-api-key',
  customData: { appName: '[DEFAULT]' },
  digest: '3180815230'
}

Error occurred prerendering page "/dashboard". Read more: https://nextjs.org/docs/messages/prerender-error

FirebaseError: Firebase: Error (auth/invalid-api-key).
    at g (C:\Users\USER\Documents\CareerLaunch\.next\server\chunks\328.js:17:29819)
    at m (C:\Users\USER\Documents\CareerLaunch\.next\server\chunks\328.js:17:29867)
    at o.instanceFactory (C:\Users\USER\Documents\CareerLaunch\.next\server\chunks\328.js:17:83378)
    at i.getOrInitializeService (C:\Users\USER\Documents\CareerLaunch\.next\server\chunks\328.js:3:35977)
    at i.initialize (C:\Users\USER\Documents\CareerLaunch\.next\server\chunks\328.js:3:35385)
    at C:\Users\USER\Documents\CareerLaunch\.next\server\chunks\328.js:17:81422
    at e6 (C:\Users\USER\Documents\CareerLaunch\.next\server\chunks\328.js:17:81451)
    at 613 (C:\Users\USER\Documents\CareerLaunch\.next\server\app\_not-found\page.js:1:7904)
    at t (C:\Users\USER\Documents\CareerLaunch\.next\server\webpack-runtime.js:1:143)
    at 9940 (C:\Users\USER\Documents\CareerLaunch\.next\server\app\_not-found\page.js:1:7134)
   Generating static pages (5/7) 

Error occurred prerendering page "/sign-in". Read more: https://nextjs.org/docs/messages/prerender-error

FirebaseError: Firebase: Error (auth/invalid-api-key).
    at g (C:\Users\USER\Documents\CareerLaunch\.next\server\chunks\328.js:17:29819)
    at m (C:\Users\USER\Documents\CareerLaunch\.next\server\chunks\328.js:17:29867)
    at o.instanceFactory (C:\Users\USER\Documents\CareerLaunch\.next\server\chunks\328.js:17:83378)
    at i.getOrInitializeService (C:\Users\USER\Documents\CareerLaunch\.next\server\chunks\328.js:3:35977)
    at i.initialize (C:\Users\USER\Documents\CareerLaunch\.next\server\chunks\328.js:3:35385)
    at C:\Users\USER\Documents\CareerLaunch\.next\server\chunks\328.js:17:81422
    at e6 (C:\Users\USER\Documents\CareerLaunch\.next\server\chunks\328.js:17:81451)
    at 613 (C:\Users\USER\Documents\CareerLaunch\.next\server\app\(auth)\sign-up\page.js:1:12935)
    at t (C:\Users\USER\Documents\CareerLaunch\.next\server\webpack-runtime.js:1:143)
    at 8324 (C:\Users\USER\Documents\CareerLaunch\.next\server\app\(auth)\sign-in\page.js:1:2555)
 ✓ Generating static pages (7/7)

> Export encountered errors on following paths:
	/(auth)/page: /
	/(auth)/sign-in/page: /sign-in
	/(auth)/sign-up/page: /sign-up
	/(root)/dashboard/page: /dashboard
	/_not-found/page: /_not-found
